Archive member included to satisfy reference by file (symbol)

c:/intelfpga_lite/18.1/nios2eds/bin/gnu/h-x86_64-mingw32/bin/../lib/gcc/nios2-elf/5.3.0/../../../../../H-x86_64-mingw32/nios2-elf/lib/mno-hw-mul\libsmallc.a(lib_a-printf.o)
                              obj/default/hello_world_small.o (printf)
c:/intelfpga_lite/18.1/nios2eds/bin/gnu/h-x86_64-mingw32/bin/../lib/gcc/nios2-elf/5.3.0/../../../../../H-x86_64-mingw32/nios2-elf/lib/mno-hw-mul\libsmallc.a(lib_a-vfprintf.o)
                              c:/intelfpga_lite/18.1/nios2eds/bin/gnu/h-x86_64-mingw32/bin/../lib/gcc/nios2-elf/5.3.0/../../../../../H-x86_64-mingw32/nios2-elf/lib/mno-hw-mul\libsmallc.a(lib_a-printf.o) (___vfprintf_internal_r)
c:/intelfpga_lite/18.1/nios2eds/bin/gnu/h-x86_64-mingw32/bin/../lib/gcc/nios2-elf/5.3.0/../../../../../H-x86_64-mingw32/nios2-elf/lib/mno-hw-mul\libsmallc.a(lib_a-fvwrite_small_dev.o)
                              c:/intelfpga_lite/18.1/nios2eds/bin/gnu/h-x86_64-mingw32/bin/../lib/gcc/nios2-elf/5.3.0/../../../../../H-x86_64-mingw32/nios2-elf/lib/mno-hw-mul\libsmallc.a(lib_a-printf.o) (__sfvwrite_small_dev)
c:/intelfpga_lite/18.1/nios2eds/bin/gnu/h-x86_64-mingw32/bin/../lib/gcc/nios2-elf/5.3.0/../../../../../H-x86_64-mingw32/nios2-elf/lib/mno-hw-mul\libsmallc.a(lib_a-impure.o)
                              c:/intelfpga_lite/18.1/nios2eds/bin/gnu/h-x86_64-mingw32/bin/../lib/gcc/nios2-elf/5.3.0/../../../../../H-x86_64-mingw32/nios2-elf/lib/mno-hw-mul\libsmallc.a(lib_a-printf.o) (_impure_ptr)
c:/intelfpga_lite/18.1/nios2eds/bin/gnu/h-x86_64-mingw32/bin/../lib/gcc/nios2-elf/5.3.0/../../../../../H-x86_64-mingw32/nios2-elf/lib/mno-hw-mul\libsmallc.a(lib_a-strlen.o)
                              c:/intelfpga_lite/18.1/nios2eds/bin/gnu/h-x86_64-mingw32/bin/../lib/gcc/nios2-elf/5.3.0/../../../../../H-x86_64-mingw32/nios2-elf/lib/mno-hw-mul\libsmallc.a(lib_a-vfprintf.o) (strlen)
c:/intelfpga_lite/18.1/nios2eds/bin/gnu/h-x86_64-mingw32/bin/../lib/gcc/nios2-elf/5.3.0/../../../../../H-x86_64-mingw32/nios2-elf/lib/mno-hw-mul\libsmallc.a(lib_a-writer.o)
                              c:/intelfpga_lite/18.1/nios2eds/bin/gnu/h-x86_64-mingw32/bin/../lib/gcc/nios2-elf/5.3.0/../../../../../H-x86_64-mingw32/nios2-elf/lib/mno-hw-mul\libsmallc.a(lib_a-fvwrite_small_dev.o) (_write_r)
c:/intelfpga_lite/18.1/nios2eds/bin/gnu/h-x86_64-mingw32/bin/../lib/gcc/nios2-elf/5.3.0/../../../../../H-x86_64-mingw32/nios2-elf/lib/mno-hw-mul\libsmallc.a(lib_a-int_errno.o)
                              c:/intelfpga_lite/18.1/nios2eds/bin/gnu/h-x86_64-mingw32/bin/../lib/gcc/nios2-elf/5.3.0/../../../../../H-x86_64-mingw32/nios2-elf/lib/mno-hw-mul\libsmallc.a(lib_a-writer.o) (errno)
c:/intelfpga_lite/18.1/nios2eds/bin/gnu/h-x86_64-mingw32/bin/../lib/gcc/nios2-elf/5.3.0/mno-hw-mul\libgcc.a(lib2-divmod.o)
                              c:/intelfpga_lite/18.1/nios2eds/bin/gnu/h-x86_64-mingw32/bin/../lib/gcc/nios2-elf/5.3.0/../../../../../H-x86_64-mingw32/nios2-elf/lib/mno-hw-mul\libsmallc.a(lib_a-vfprintf.o) (__udivsi3)
c:/intelfpga_lite/18.1/nios2eds/bin/gnu/h-x86_64-mingw32/bin/../lib/gcc/nios2-elf/5.3.0/mno-hw-mul\libgcc.a(lib2-mul.o)
                              c:/intelfpga_lite/18.1/nios2eds/bin/gnu/h-x86_64-mingw32/bin/../lib/gcc/nios2-elf/5.3.0/../../../../../H-x86_64-mingw32/nios2-elf/lib/mno-hw-mul\libsmallc.a(lib_a-vfprintf.o) (__mulsi3)
C:/Users/selgu/Desktop/M2_sme/BE/BE/Nios/software/SOPC_BarreF_bsp/\libhal_bsp.a(alt_load.o)
                              C:/Users/selgu/Desktop/M2_sme/BE/BE/Nios/software/SOPC_BarreF_bsp//obj/HAL/src/crt0.o (alt_load)
C:/Users/selgu/Desktop/M2_sme/BE/BE/Nios/software/SOPC_BarreF_bsp/\libhal_bsp.a(alt_main.o)
                              C:/Users/selgu/Desktop/M2_sme/BE/BE/Nios/software/SOPC_BarreF_bsp//obj/HAL/src/crt0.o (alt_main)
C:/Users/selgu/Desktop/M2_sme/BE/BE/Nios/software/SOPC_BarreF_bsp/\libhal_bsp.a(alt_putstr.o)
                              obj/default/hello_world_small.o (alt_putstr)
C:/Users/selgu/Desktop/M2_sme/BE/BE/Nios/software/SOPC_BarreF_bsp/\libhal_bsp.a(alt_write.o)
                              c:/intelfpga_lite/18.1/nios2eds/bin/gnu/h-x86_64-mingw32/bin/../lib/gcc/nios2-elf/5.3.0/../../../../../H-x86_64-mingw32/nios2-elf/lib/mno-hw-mul\libsmallc.a(lib_a-writer.o) (write)
C:/Users/selgu/Desktop/M2_sme/BE/BE/Nios/software/SOPC_BarreF_bsp/\libhal_bsp.a(alt_sys_init.o)
                              C:/Users/selgu/Desktop/M2_sme/BE/BE/Nios/software/SOPC_BarreF_bsp/\libhal_bsp.a(alt_main.o) (alt_irq_init)
C:/Users/selgu/Desktop/M2_sme/BE/BE/Nios/software/SOPC_BarreF_bsp/\libhal_bsp.a(altera_avalon_jtag_uart_write.o)
                              C:/Users/selgu/Desktop/M2_sme/BE/BE/Nios/software/SOPC_BarreF_bsp/\libhal_bsp.a(alt_putstr.o) (altera_avalon_jtag_uart_write)
C:/Users/selgu/Desktop/M2_sme/BE/BE/Nios/software/SOPC_BarreF_bsp/\libhal_bsp.a(alt_dcache_flush_all.o)
                              C:/Users/selgu/Desktop/M2_sme/BE/BE/Nios/software/SOPC_BarreF_bsp/\libhal_bsp.a(alt_load.o) (alt_dcache_flush_all)
C:/Users/selgu/Desktop/M2_sme/BE/BE/Nios/software/SOPC_BarreF_bsp/\libhal_bsp.a(alt_errno.o)
                              C:/Users/selgu/Desktop/M2_sme/BE/BE/Nios/software/SOPC_BarreF_bsp/\libhal_bsp.a(alt_write.o) (alt_errno)
C:/Users/selgu/Desktop/M2_sme/BE/BE/Nios/software/SOPC_BarreF_bsp/\libhal_bsp.a(alt_icache_flush_all.o)
                              C:/Users/selgu/Desktop/M2_sme/BE/BE/Nios/software/SOPC_BarreF_bsp/\libhal_bsp.a(alt_load.o) (alt_icache_flush_all)
C:/Users/selgu/Desktop/M2_sme/BE/BE/Nios/software/SOPC_BarreF_bsp/\libhal_bsp.a(altera_nios2_gen2_irq.o)
                              C:/Users/selgu/Desktop/M2_sme/BE/BE/Nios/software/SOPC_BarreF_bsp/\libhal_bsp.a(alt_sys_init.o) (altera_nios2_gen2_irq_init)

Allocating common symbols
Common symbol       size              file

errno               0x4               c:/intelfpga_lite/18.1/nios2eds/bin/gnu/h-x86_64-mingw32/bin/../lib/gcc/nios2-elf/5.3.0/../../../../../H-x86_64-mingw32/nios2-elf/lib/mno-hw-mul\libsmallc.a(lib_a-int_errno.o)

Memory Configuration

Name             Origin             Length             Attributes
reset            0x0000000000010000 0x0000000000000020
onchip_memory2_0 0x0000000000010020 0x0000000000009fe0
*default*        0x0000000000000000 0xffffffffffffffff

Linker script and memory map

LOAD C:/Users/selgu/Desktop/M2_sme/BE/BE/Nios/software/SOPC_BarreF_bsp//obj/HAL/src/crt0.o
LOAD obj/default/hello_world_small.o
LOAD c:/intelfpga_lite/18.1/nios2eds/bin/gnu/h-x86_64-mingw32/bin/../lib/gcc/nios2-elf/5.3.0/../../../../../H-x86_64-mingw32/nios2-elf/lib/mno-hw-mul\libstdc++.a
LOAD c:/intelfpga_lite/18.1/nios2eds/bin/gnu/h-x86_64-mingw32/bin/../lib/gcc/nios2-elf/5.3.0/../../../../../H-x86_64-mingw32/nios2-elf/lib/mno-hw-mul\libm.a
LOAD c:/intelfpga_lite/18.1/nios2eds/bin/gnu/h-x86_64-mingw32/bin/../lib/gcc/nios2-elf/5.3.0/mno-hw-mul\libgcc.a
START GROUP
LOAD c:/intelfpga_lite/18.1/nios2eds/bin/gnu/h-x86_64-mingw32/bin/../lib/gcc/nios2-elf/5.3.0/../../../../../H-x86_64-mingw32/nios2-elf/lib/mno-hw-mul\libsmallc.a
LOAD c:/intelfpga_lite/18.1/nios2eds/bin/gnu/h-x86_64-mingw32/bin/../lib/gcc/nios2-elf/5.3.0/mno-hw-mul\libgcc.a
LOAD C:/Users/selgu/Desktop/M2_sme/BE/BE/Nios/software/SOPC_BarreF_bsp/\libhal_bsp.a
LOAD c:/intelfpga_lite/18.1/nios2eds/bin/gnu/h-x86_64-mingw32/bin/../lib/gcc/nios2-elf/5.3.0/../../../../../H-x86_64-mingw32/nios2-elf/lib/mno-hw-mul\libm.a
END GROUP
LOAD c:/intelfpga_lite/18.1/nios2eds/bin/gnu/h-x86_64-mingw32/bin/../lib/gcc/nios2-elf/5.3.0/mno-hw-mul\libgcc.a
                0x0000000000010000                __alt_mem_onchip_memory2_0 = 0x10000

.entry          0x0000000000010000       0x20
 *(.entry)
 .entry         0x0000000000010000       0x20 C:/Users/selgu/Desktop/M2_sme/BE/BE/Nios/software/SOPC_BarreF_bsp//obj/HAL/src/crt0.o
                0x0000000000010000                __reset
                0x000000000001000c                _exit

.exceptions     0x0000000000010020        0x0
                0x0000000000010020                PROVIDE (__ram_exceptions_start, ABSOLUTE (.))
                0x0000000000010020                . = ALIGN (0x20)
 *(.irq)
 *(.exceptions.entry.label)
 *(.exceptions.entry.user)
 *(.exceptions.entry.ecc_fatal)
 *(.exceptions.entry)
 *(.exceptions.irqtest.user)
 *(.exceptions.irqtest)
 *(.exceptions.irqhandler.user)
 *(.exceptions.irqhandler)
 *(.exceptions.irqreturn.user)
 *(.exceptions.irqreturn)
 *(.exceptions.notirq.label)
 *(.exceptions.notirq.user)
 *(.exceptions.notirq)
 *(.exceptions.soft.user)
 *(.exceptions.soft)
 *(.exceptions.unknown.user)
 *(.exceptions.unknown)
 *(.exceptions.exit.label)
 *(.exceptions.exit.user)
 *(.exceptions.exit)
 *(.exceptions)
                0x0000000000010020                PROVIDE (__ram_exceptions_end, ABSOLUTE (.))
                0x0000000000010020                PROVIDE (__flash_exceptions_start, LOADADDR (.exceptions))

.text           0x0000000000010020      0xc48
                [!provide]                        PROVIDE (stext, ABSOLUTE (.))
 *(.interp)
 *(.hash)
 *(.dynsym)
 *(.dynstr)
 *(.gnu.version)
 *(.gnu.version_d)
 *(.gnu.version_r)
 *(.rel.init)
 *(.rela.init)
 *(.rel.text .rel.text.* .rel.gnu.linkonce.t.*)
 *(.rela.text .rela.text.* .rela.gnu.linkonce.t.*)
 *(.rel.fini)
 *(.rela.fini)
 *(.rel.rodata .rel.rodata.* .rel.gnu.linkonce.r.*)
 *(.rela.rodata .rela.rodata.* .rela.gnu.linkonce.r.*)
 *(.rel.data .rel.data.* .rel.gnu.linkonce.d.*)
 *(.rela.data .rela.data.* .rela.gnu.linkonce.d.*)
 *(.rel.tdata .rel.tdata.* .rel.gnu.linkonce.td.*)
 *(.rela.tdata .rela.tdata.* .rela.gnu.linkonce.td.*)
 *(.rel.tbss .rel.tbss.* .rel.gnu.linkonce.tb.*)
 *(.rela.tbss .rela.tbss.* .rela.gnu.linkonce.tb.*)
 *(.rel.ctors)
 *(.rela.ctors)
 *(.rel.dtors)
 *(.rela.dtors)
 *(.rel.got)
 *(.rela.got)
 *(.rel.sdata .rel.sdata.* .rel.gnu.linkonce.s.*)
 *(.rela.sdata .rela.sdata.* .rela.gnu.linkonce.s.*)
 *(.rel.sbss .rel.sbss.* .rel.gnu.linkonce.sb.*)
 *(.rela.sbss .rela.sbss.* .rela.gnu.linkonce.sb.*)
 *(.rel.sdata2 .rel.sdata2.* .rel.gnu.linkonce.s2.*)
 *(.rela.sdata2 .rela.sdata2.* .rela.gnu.linkonce.s2.*)
 *(.rel.sbss2 .rel.sbss2.* .rel.gnu.linkonce.sb2.*)
 *(.rela.sbss2 .rela.sbss2.* .rela.gnu.linkonce.sb2.*)
 *(.rel.bss .rel.bss.* .rel.gnu.linkonce.b.*)
 *(.rela.bss .rela.bss.* .rela.gnu.linkonce.b.*)
 *(.rel.plt)
 *(.rela.plt)
 *(.rel.dyn)
 *(.init)
 *(.plt)
 *(.text .stub .text.* .gnu.linkonce.t.*)
 .text          0x0000000000010020       0x3c C:/Users/selgu/Desktop/M2_sme/BE/BE/Nios/software/SOPC_BarreF_bsp//obj/HAL/src/crt0.o
                0x0000000000010020                _start
 .text          0x000000000001005c       0x20 obj/default/hello_world_small.o
                0x000000000001005c                delay
 .text.startup  0x000000000001007c       0x9c obj/default/hello_world_small.o
                0x000000000001007c                main
 .text          0x0000000000010118        0x0 c:/intelfpga_lite/18.1/nios2eds/bin/gnu/h-x86_64-mingw32/bin/../lib/gcc/nios2-elf/5.3.0/../../../../../H-x86_64-mingw32/nios2-elf/lib/mno-hw-mul\libsmallc.a(lib_a-printf.o)
 .text._printf_r
                0x0000000000010118       0x3c c:/intelfpga_lite/18.1/nios2eds/bin/gnu/h-x86_64-mingw32/bin/../lib/gcc/nios2-elf/5.3.0/../../../../../H-x86_64-mingw32/nios2-elf/lib/mno-hw-mul\libsmallc.a(lib_a-printf.o)
                0x0000000000010118                _printf_r
 .text.printf   0x0000000000010154       0x4c c:/intelfpga_lite/18.1/nios2eds/bin/gnu/h-x86_64-mingw32/bin/../lib/gcc/nios2-elf/5.3.0/../../../../../H-x86_64-mingw32/nios2-elf/lib/mno-hw-mul\libsmallc.a(lib_a-printf.o)
                0x0000000000010154                printf
 .text          0x00000000000101a0        0x0 c:/intelfpga_lite/18.1/nios2eds/bin/gnu/h-x86_64-mingw32/bin/../lib/gcc/nios2-elf/5.3.0/../../../../../H-x86_64-mingw32/nios2-elf/lib/mno-hw-mul\libsmallc.a(lib_a-vfprintf.o)
 .text.print_repeat
                0x00000000000101a0       0x6c c:/intelfpga_lite/18.1/nios2eds/bin/gnu/h-x86_64-mingw32/bin/../lib/gcc/nios2-elf/5.3.0/../../../../../H-x86_64-mingw32/nios2-elf/lib/mno-hw-mul\libsmallc.a(lib_a-vfprintf.o)
 .text.___vfprintf_internal_r
                0x000000000001020c      0x52c c:/intelfpga_lite/18.1/nios2eds/bin/gnu/h-x86_64-mingw32/bin/../lib/gcc/nios2-elf/5.3.0/../../../../../H-x86_64-mingw32/nios2-elf/lib/mno-hw-mul\libsmallc.a(lib_a-vfprintf.o)
                0x000000000001020c                ___vfprintf_internal_r
 .text.__vfprintf_internal
                0x0000000000010738       0x1c c:/intelfpga_lite/18.1/nios2eds/bin/gnu/h-x86_64-mingw32/bin/../lib/gcc/nios2-elf/5.3.0/../../../../../H-x86_64-mingw32/nios2-elf/lib/mno-hw-mul\libsmallc.a(lib_a-vfprintf.o)
                0x0000000000010738                __vfprintf_internal
 .text          0x0000000000010754        0x0 c:/intelfpga_lite/18.1/nios2eds/bin/gnu/h-x86_64-mingw32/bin/../lib/gcc/nios2-elf/5.3.0/../../../../../H-x86_64-mingw32/nios2-elf/lib/mno-hw-mul\libsmallc.a(lib_a-fvwrite_small_dev.o)
 .text.__sfvwrite_small_dev
                0x0000000000010754       0xb8 c:/intelfpga_lite/18.1/nios2eds/bin/gnu/h-x86_64-mingw32/bin/../lib/gcc/nios2-elf/5.3.0/../../../../../H-x86_64-mingw32/nios2-elf/lib/mno-hw-mul\libsmallc.a(lib_a-fvwrite_small_dev.o)
                0x0000000000010754                __sfvwrite_small_dev
 .text          0x000000000001080c        0x0 c:/intelfpga_lite/18.1/nios2eds/bin/gnu/h-x86_64-mingw32/bin/../lib/gcc/nios2-elf/5.3.0/../../../../../H-x86_64-mingw32/nios2-elf/lib/mno-hw-mul\libsmallc.a(lib_a-impure.o)
 .text          0x000000000001080c        0x0 c:/intelfpga_lite/18.1/nios2eds/bin/gnu/h-x86_64-mingw32/bin/../lib/gcc/nios2-elf/5.3.0/../../../../../H-x86_64-mingw32/nios2-elf/lib/mno-hw-mul\libsmallc.a(lib_a-strlen.o)
 .text.strlen   0x000000000001080c       0x1c c:/intelfpga_lite/18.1/nios2eds/bin/gnu/h-x86_64-mingw32/bin/../lib/gcc/nios2-elf/5.3.0/../../../../../H-x86_64-mingw32/nios2-elf/lib/mno-hw-mul\libsmallc.a(lib_a-strlen.o)
                0x000000000001080c                strlen
 .text          0x0000000000010828        0x0 c:/intelfpga_lite/18.1/nios2eds/bin/gnu/h-x86_64-mingw32/bin/../lib/gcc/nios2-elf/5.3.0/../../../../../H-x86_64-mingw32/nios2-elf/lib/mno-hw-mul\libsmallc.a(lib_a-writer.o)
 .text._write_r
                0x0000000000010828       0x58 c:/intelfpga_lite/18.1/nios2eds/bin/gnu/h-x86_64-mingw32/bin/../lib/gcc/nios2-elf/5.3.0/../../../../../H-x86_64-mingw32/nios2-elf/lib/mno-hw-mul\libsmallc.a(lib_a-writer.o)
                0x0000000000010828                _write_r
 .text          0x0000000000010880        0x0 c:/intelfpga_lite/18.1/nios2eds/bin/gnu/h-x86_64-mingw32/bin/../lib/gcc/nios2-elf/5.3.0/../../../../../H-x86_64-mingw32/nios2-elf/lib/mno-hw-mul\libsmallc.a(lib_a-int_errno.o)
 .text          0x0000000000010880      0x1b4 c:/intelfpga_lite/18.1/nios2eds/bin/gnu/h-x86_64-mingw32/bin/../lib/gcc/nios2-elf/5.3.0/mno-hw-mul\libgcc.a(lib2-divmod.o)
                0x0000000000010880                __divsi3
                0x0000000000010904                __modsi3
                0x0000000000010978                __udivsi3
                0x00000000000109dc                __umodsi3
 .text          0x0000000000010a34       0x28 c:/intelfpga_lite/18.1/nios2eds/bin/gnu/h-x86_64-mingw32/bin/../lib/gcc/nios2-elf/5.3.0/mno-hw-mul\libgcc.a(lib2-mul.o)
                0x0000000000010a34                __mulsi3
 .text          0x0000000000010a5c       0xe0 C:/Users/selgu/Desktop/M2_sme/BE/BE/Nios/software/SOPC_BarreF_bsp/\libhal_bsp.a(alt_load.o)
                0x0000000000010a5c                alt_load
 .text          0x0000000000010b3c       0x2c C:/Users/selgu/Desktop/M2_sme/BE/BE/Nios/software/SOPC_BarreF_bsp/\libhal_bsp.a(alt_main.o)
                0x0000000000010b3c                alt_main
 .text          0x0000000000010b68       0x38 C:/Users/selgu/Desktop/M2_sme/BE/BE/Nios/software/SOPC_BarreF_bsp/\libhal_bsp.a(alt_putstr.o)
                0x0000000000010b68                alt_putstr
 .text          0x0000000000010ba0       0x60 C:/Users/selgu/Desktop/M2_sme/BE/BE/Nios/software/SOPC_BarreF_bsp/\libhal_bsp.a(alt_write.o)
                0x0000000000010ba0                write
 .text          0x0000000000010c00       0x24 C:/Users/selgu/Desktop/M2_sme/BE/BE/Nios/software/SOPC_BarreF_bsp/\libhal_bsp.a(alt_sys_init.o)
                0x0000000000010c00                alt_irq_init
                0x0000000000010c20                alt_sys_init
 .text          0x0000000000010c24       0x34 C:/Users/selgu/Desktop/M2_sme/BE/BE/Nios/software/SOPC_BarreF_bsp/\libhal_bsp.a(altera_avalon_jtag_uart_write.o)
                0x0000000000010c24                altera_avalon_jtag_uart_write
 .text          0x0000000000010c58        0x4 C:/Users/selgu/Desktop/M2_sme/BE/BE/Nios/software/SOPC_BarreF_bsp/\libhal_bsp.a(alt_dcache_flush_all.o)
                0x0000000000010c58                alt_dcache_flush_all
 .text          0x0000000000010c5c        0x0 C:/Users/selgu/Desktop/M2_sme/BE/BE/Nios/software/SOPC_BarreF_bsp/\libhal_bsp.a(alt_errno.o)
 .text          0x0000000000010c5c        0x4 C:/Users/selgu/Desktop/M2_sme/BE/BE/Nios/software/SOPC_BarreF_bsp/\libhal_bsp.a(alt_icache_flush_all.o)
                0x0000000000010c5c                alt_icache_flush_all
 .text          0x0000000000010c60        0x8 C:/Users/selgu/Desktop/M2_sme/BE/BE/Nios/software/SOPC_BarreF_bsp/\libhal_bsp.a(altera_nios2_gen2_irq.o)
                0x0000000000010c60                altera_nios2_gen2_irq_init
 *(.gnu.warning.*)
 *(.fini)
                [!provide]                        PROVIDE (__etext, ABSOLUTE (.))
                [!provide]                        PROVIDE (_etext, ABSOLUTE (.))
                [!provide]                        PROVIDE (etext, ABSOLUTE (.))
 *(.eh_frame_hdr)
                0x0000000000010c68                . = ALIGN (0x4)
                [!provide]                        PROVIDE (__preinit_array_start, ABSOLUTE (.))
 *(.preinit_array)
                [!provide]                        PROVIDE (__preinit_array_end, ABSOLUTE (.))
                [!provide]                        PROVIDE (__init_array_start, ABSOLUTE (.))
 *(.init_array)
                [!provide]                        PROVIDE (__init_array_end, ABSOLUTE (.))
                [!provide]                        PROVIDE (__fini_array_start, ABSOLUTE (.))
 *(.fini_array)
                [!provide]                        PROVIDE (__fini_array_end, ABSOLUTE (.))
 *(.eh_frame)
 *(.gcc_except_table .gcc_except_table.*)
 *(.dynamic)
                [!provide]                        PROVIDE (__CTOR_LIST__, ABSOLUTE (.))
 *(.ctors)
 *(SORT(.ctors.*))
                [!provide]                        PROVIDE (__CTOR_END__, ABSOLUTE (.))
                [!provide]                        PROVIDE (__DTOR_LIST__, ABSOLUTE (.))
 *(.dtors)
 *(SORT(.dtors.*))
                [!provide]                        PROVIDE (__DTOR_END__, ABSOLUTE (.))
 *(.jcr)
                0x0000000000010c68                . = ALIGN (0x4)

.rodata         0x0000000000010c68       0x24
                0x0000000000010c68                PROVIDE (__ram_rodata_start, ABSOLUTE (.))
                0x0000000000010c68                . = ALIGN (0x4)
 *(.rodata .rodata.* .gnu.linkonce.r.*)
 .rodata.str1.4
                0x0000000000010c68       0x24 obj/default/hello_world_small.o
                                         0x23 (size before relaxing)
 *(.rodata1)
                0x0000000000010c8c                . = ALIGN (0x4)
                0x0000000000010c8c                PROVIDE (__ram_rodata_end, ABSOLUTE (.))
                0x0000000000010c68                PROVIDE (__flash_rodata_start, LOADADDR (.rodata))

.rwdata         0x0000000000010c8c       0xf0 load address 0x0000000000010d7c
                0x0000000000010c8c                PROVIDE (__ram_rwdata_start, ABSOLUTE (.))
                0x0000000000010c8c                . = ALIGN (0x4)
 *(.got.plt)
 *(.got)
 *(.data1)
 *(.data .data.* .gnu.linkonce.d.*)
 .data          0x0000000000010c8c        0x0 C:/Users/selgu/Desktop/M2_sme/BE/BE/Nios/software/SOPC_BarreF_bsp//obj/HAL/src/crt0.o
 .data          0x0000000000010c8c        0x0 obj/default/hello_world_small.o
 .data          0x0000000000010c8c        0x0 c:/intelfpga_lite/18.1/nios2eds/bin/gnu/h-x86_64-mingw32/bin/../lib/gcc/nios2-elf/5.3.0/../../../../../H-x86_64-mingw32/nios2-elf/lib/mno-hw-mul\libsmallc.a(lib_a-printf.o)
 .data          0x0000000000010c8c        0x0 c:/intelfpga_lite/18.1/nios2eds/bin/gnu/h-x86_64-mingw32/bin/../lib/gcc/nios2-elf/5.3.0/../../../../../H-x86_64-mingw32/nios2-elf/lib/mno-hw-mul\libsmallc.a(lib_a-vfprintf.o)
 .data          0x0000000000010c8c        0x0 c:/intelfpga_lite/18.1/nios2eds/bin/gnu/h-x86_64-mingw32/bin/../lib/gcc/nios2-elf/5.3.0/../../../../../H-x86_64-mingw32/nios2-elf/lib/mno-hw-mul\libsmallc.a(lib_a-fvwrite_small_dev.o)
 .data          0x0000000000010c8c        0x0 c:/intelfpga_lite/18.1/nios2eds/bin/gnu/h-x86_64-mingw32/bin/../lib/gcc/nios2-elf/5.3.0/../../../../../H-x86_64-mingw32/nios2-elf/lib/mno-hw-mul\libsmallc.a(lib_a-impure.o)
 .data.impure_data
                0x0000000000010c8c       0xe0 c:/intelfpga_lite/18.1/nios2eds/bin/gnu/h-x86_64-mingw32/bin/../lib/gcc/nios2-elf/5.3.0/../../../../../H-x86_64-mingw32/nios2-elf/lib/mno-hw-mul\libsmallc.a(lib_a-impure.o)
 .data          0x0000000000010d6c        0x0 c:/intelfpga_lite/18.1/nios2eds/bin/gnu/h-x86_64-mingw32/bin/../lib/gcc/nios2-elf/5.3.0/../../../../../H-x86_64-mingw32/nios2-elf/lib/mno-hw-mul\libsmallc.a(lib_a-strlen.o)
 .data          0x0000000000010d6c        0x0 c:/intelfpga_lite/18.1/nios2eds/bin/gnu/h-x86_64-mingw32/bin/../lib/gcc/nios2-elf/5.3.0/../../../../../H-x86_64-mingw32/nios2-elf/lib/mno-hw-mul\libsmallc.a(lib_a-writer.o)
 .data          0x0000000000010d6c        0x0 c:/intelfpga_lite/18.1/nios2eds/bin/gnu/h-x86_64-mingw32/bin/../lib/gcc/nios2-elf/5.3.0/../../../../../H-x86_64-mingw32/nios2-elf/lib/mno-hw-mul\libsmallc.a(lib_a-int_errno.o)
 .data          0x0000000000010d6c        0x0 c:/intelfpga_lite/18.1/nios2eds/bin/gnu/h-x86_64-mingw32/bin/../lib/gcc/nios2-elf/5.3.0/mno-hw-mul\libgcc.a(lib2-divmod.o)
 .data          0x0000000000010d6c        0x0 c:/intelfpga_lite/18.1/nios2eds/bin/gnu/h-x86_64-mingw32/bin/../lib/gcc/nios2-elf/5.3.0/mno-hw-mul\libgcc.a(lib2-mul.o)
 .data          0x0000000000010d6c        0x0 C:/Users/selgu/Desktop/M2_sme/BE/BE/Nios/software/SOPC_BarreF_bsp/\libhal_bsp.a(alt_load.o)
 .data          0x0000000000010d6c        0x0 C:/Users/selgu/Desktop/M2_sme/BE/BE/Nios/software/SOPC_BarreF_bsp/\libhal_bsp.a(alt_main.o)
 .data          0x0000000000010d6c        0x0 C:/Users/selgu/Desktop/M2_sme/BE/BE/Nios/software/SOPC_BarreF_bsp/\libhal_bsp.a(alt_putstr.o)
 .data          0x0000000000010d6c        0x0 C:/Users/selgu/Desktop/M2_sme/BE/BE/Nios/software/SOPC_BarreF_bsp/\libhal_bsp.a(alt_write.o)
 .data          0x0000000000010d6c        0x0 C:/Users/selgu/Desktop/M2_sme/BE/BE/Nios/software/SOPC_BarreF_bsp/\libhal_bsp.a(alt_sys_init.o)
 .data          0x0000000000010d6c        0x0 C:/Users/selgu/Desktop/M2_sme/BE/BE/Nios/software/SOPC_BarreF_bsp/\libhal_bsp.a(altera_avalon_jtag_uart_write.o)
 .data          0x0000000000010d6c        0x0 C:/Users/selgu/Desktop/M2_sme/BE/BE/Nios/software/SOPC_BarreF_bsp/\libhal_bsp.a(alt_dcache_flush_all.o)
 .data          0x0000000000010d6c        0x0 C:/Users/selgu/Desktop/M2_sme/BE/BE/Nios/software/SOPC_BarreF_bsp/\libhal_bsp.a(alt_errno.o)
 .data          0x0000000000010d6c        0x0 C:/Users/selgu/Desktop/M2_sme/BE/BE/Nios/software/SOPC_BarreF_bsp/\libhal_bsp.a(alt_icache_flush_all.o)
 .data          0x0000000000010d6c        0x0 C:/Users/selgu/Desktop/M2_sme/BE/BE/Nios/software/SOPC_BarreF_bsp/\libhal_bsp.a(altera_nios2_gen2_irq.o)
                0x0000000000018d6c                _gp = ABSOLUTE ((. + 0x8000))
                [!provide]                        PROVIDE (gp, _gp)
 *(.rwdata .rwdata.*)
 *(.sdata .sdata.* .gnu.linkonce.s.*)
 .sdata._global_impure_ptr
                0x0000000000010d6c        0x4 c:/intelfpga_lite/18.1/nios2eds/bin/gnu/h-x86_64-mingw32/bin/../lib/gcc/nios2-elf/5.3.0/../../../../../H-x86_64-mingw32/nios2-elf/lib/mno-hw-mul\libsmallc.a(lib_a-impure.o)
                0x0000000000010d6c                _global_impure_ptr
 .sdata._impure_ptr
                0x0000000000010d70        0x4 c:/intelfpga_lite/18.1/nios2eds/bin/gnu/h-x86_64-mingw32/bin/../lib/gcc/nios2-elf/5.3.0/../../../../../H-x86_64-mingw32/nios2-elf/lib/mno-hw-mul\libsmallc.a(lib_a-impure.o)
                0x0000000000010d70                _impure_ptr
 .sdata         0x0000000000010d74        0x4 C:/Users/selgu/Desktop/M2_sme/BE/BE/Nios/software/SOPC_BarreF_bsp/\libhal_bsp.a(alt_sys_init.o)
                0x0000000000010d74                jtag_uart_0
 .sdata         0x0000000000010d78        0x4 C:/Users/selgu/Desktop/M2_sme/BE/BE/Nios/software/SOPC_BarreF_bsp/\libhal_bsp.a(alt_errno.o)
                0x0000000000010d78                alt_errno
 *(.sdata2 .sdata2.* .gnu.linkonce.s2.*)
                0x0000000000010d7c                . = ALIGN (0x4)
                0x0000000000010d7c                _edata = ABSOLUTE (.)
                [!provide]                        PROVIDE (edata, ABSOLUTE (.))
                0x0000000000010d7c                PROVIDE (__ram_rwdata_end, ABSOLUTE (.))
                0x0000000000010d7c                PROVIDE (__flash_rwdata_start, LOADADDR (.rwdata))

.bss            0x0000000000010e6c       0x10
                0x0000000000010e6c                __bss_start = ABSOLUTE (.)
                [!provide]                        PROVIDE (__sbss_start, ABSOLUTE (.))
                [!provide]                        PROVIDE (___sbss_start, ABSOLUTE (.))
 *(.dynsbss)
 *(.sbss .sbss.* .gnu.linkonce.sb.*)
 .sbss          0x0000000000010e6c        0x4 c:/intelfpga_lite/18.1/nios2eds/bin/gnu/h-x86_64-mingw32/bin/../lib/gcc/nios2-elf/5.3.0/../../../../../H-x86_64-mingw32/nios2-elf/lib/mno-hw-mul\libsmallc.a(lib_a-int_errno.o)
                0x0000000000010e6c                errno
 .sbss          0x0000000000010e70        0xc C:/Users/selgu/Desktop/M2_sme/BE/BE/Nios/software/SOPC_BarreF_bsp/\libhal_bsp.a(alt_main.o)
                0x0000000000010e70                alt_envp
                0x0000000000010e74                alt_argv
                0x0000000000010e78                alt_argc
 *(.sbss2 .sbss2.* .gnu.linkonce.sb2.*)
 *(.scommon)
                [!provide]                        PROVIDE (__sbss_end, ABSOLUTE (.))
                [!provide]                        PROVIDE (___sbss_end, ABSOLUTE (.))
 *(.dynbss)
 *(.bss .bss.* .gnu.linkonce.b.*)
 .bss           0x0000000000010e7c        0x0 C:/Users/selgu/Desktop/M2_sme/BE/BE/Nios/software/SOPC_BarreF_bsp//obj/HAL/src/crt0.o
 .bss           0x0000000000010e7c        0x0 obj/default/hello_world_small.o
 .bss           0x0000000000010e7c        0x0 c:/intelfpga_lite/18.1/nios2eds/bin/gnu/h-x86_64-mingw32/bin/../lib/gcc/nios2-elf/5.3.0/../../../../../H-x86_64-mingw32/nios2-elf/lib/mno-hw-mul\libsmallc.a(lib_a-printf.o)
 .bss           0x0000000000010e7c        0x0 c:/intelfpga_lite/18.1/nios2eds/bin/gnu/h-x86_64-mingw32/bin/../lib/gcc/nios2-elf/5.3.0/../../../../../H-x86_64-mingw32/nios2-elf/lib/mno-hw-mul\libsmallc.a(lib_a-vfprintf.o)
 .bss           0x0000000000010e7c        0x0 c:/intelfpga_lite/18.1/nios2eds/bin/gnu/h-x86_64-mingw32/bin/../lib/gcc/nios2-elf/5.3.0/../../../../../H-x86_64-mingw32/nios2-elf/lib/mno-hw-mul\libsmallc.a(lib_a-fvwrite_small_dev.o)
 .bss           0x0000000000010e7c        0x0 c:/intelfpga_lite/18.1/nios2eds/bin/gnu/h-x86_64-mingw32/bin/../lib/gcc/nios2-elf/5.3.0/../../../../../H-x86_64-mingw32/nios2-elf/lib/mno-hw-mul\libsmallc.a(lib_a-impure.o)
 .bss           0x0000000000010e7c        0x0 c:/intelfpga_lite/18.1/nios2eds/bin/gnu/h-x86_64-mingw32/bin/../lib/gcc/nios2-elf/5.3.0/../../../../../H-x86_64-mingw32/nios2-elf/lib/mno-hw-mul\libsmallc.a(lib_a-strlen.o)
 .bss           0x0000000000010e7c        0x0 c:/intelfpga_lite/18.1/nios2eds/bin/gnu/h-x86_64-mingw32/bin/../lib/gcc/nios2-elf/5.3.0/../../../../../H-x86_64-mingw32/nios2-elf/lib/mno-hw-mul\libsmallc.a(lib_a-writer.o)
 .bss           0x0000000000010e7c        0x0 c:/intelfpga_lite/18.1/nios2eds/bin/gnu/h-x86_64-mingw32/bin/../lib/gcc/nios2-elf/5.3.0/../../../../../H-x86_64-mingw32/nios2-elf/lib/mno-hw-mul\libsmallc.a(lib_a-int_errno.o)
 .bss           0x0000000000010e7c        0x0 c:/intelfpga_lite/18.1/nios2eds/bin/gnu/h-x86_64-mingw32/bin/../lib/gcc/nios2-elf/5.3.0/mno-hw-mul\libgcc.a(lib2-divmod.o)
 .bss           0x0000000000010e7c        0x0 c:/intelfpga_lite/18.1/nios2eds/bin/gnu/h-x86_64-mingw32/bin/../lib/gcc/nios2-elf/5.3.0/mno-hw-mul\libgcc.a(lib2-mul.o)
 .bss           0x0000000000010e7c        0x0 C:/Users/selgu/Desktop/M2_sme/BE/BE/Nios/software/SOPC_BarreF_bsp/\libhal_bsp.a(alt_load.o)
 .bss           0x0000000000010e7c        0x0 C:/Users/selgu/Desktop/M2_sme/BE/BE/Nios/software/SOPC_BarreF_bsp/\libhal_bsp.a(alt_main.o)
 .bss           0x0000000000010e7c        0x0 C:/Users/selgu/Desktop/M2_sme/BE/BE/Nios/software/SOPC_BarreF_bsp/\libhal_bsp.a(alt_putstr.o)
 .bss           0x0000000000010e7c        0x0 C:/Users/selgu/Desktop/M2_sme/BE/BE/Nios/software/SOPC_BarreF_bsp/\libhal_bsp.a(alt_write.o)
 .bss           0x0000000000010e7c        0x0 C:/Users/selgu/Desktop/M2_sme/BE/BE/Nios/software/SOPC_BarreF_bsp/\libhal_bsp.a(alt_sys_init.o)
 .bss           0x0000000000010e7c        0x0 C:/Users/selgu/Desktop/M2_sme/BE/BE/Nios/software/SOPC_BarreF_bsp/\libhal_bsp.a(altera_avalon_jtag_uart_write.o)
 .bss           0x0000000000010e7c        0x0 C:/Users/selgu/Desktop/M2_sme/BE/BE/Nios/software/SOPC_BarreF_bsp/\libhal_bsp.a(alt_dcache_flush_all.o)
 .bss           0x0000000000010e7c        0x0 C:/Users/selgu/Desktop/M2_sme/BE/BE/Nios/software/SOPC_BarreF_bsp/\libhal_bsp.a(alt_errno.o)
 .bss           0x0000000000010e7c        0x0 C:/Users/selgu/Desktop/M2_sme/BE/BE/Nios/software/SOPC_BarreF_bsp/\libhal_bsp.a(alt_icache_flush_all.o)
 .bss           0x0000000000010e7c        0x0 C:/Users/selgu/Desktop/M2_sme/BE/BE/Nios/software/SOPC_BarreF_bsp/\libhal_bsp.a(altera_nios2_gen2_irq.o)
 *(COMMON)
                0x0000000000010e7c                . = ALIGN (0x4)
                0x0000000000010e7c                __bss_end = ABSOLUTE (.)

.onchip_memory2_0
                0x0000000000010e7c        0x0
                [!provide]                        PROVIDE (_alt_partition_onchip_memory2_0_start, ABSOLUTE (.))
 *(.onchip_memory2_0 .onchip_memory2_0. onchip_memory2_0.*)
                0x0000000000010e7c                . = ALIGN (0x4)
                [!provide]                        PROVIDE (_alt_partition_onchip_memory2_0_end, ABSOLUTE (.))
                0x0000000000010e7c                _end = ABSOLUTE (.)
                0x0000000000010e7c                end = ABSOLUTE (.)
                0x0000000000010e7c                __alt_stack_base = ABSOLUTE (.)
                [!provide]                        PROVIDE (_alt_partition_onchip_memory2_0_load_addr, LOADADDR (.onchip_memory2_0))

.stab
 *(.stab)

.stabstr
 *(.stabstr)

.stab.excl
 *(.stab.excl)

.stab.exclstr
 *(.stab.exclstr)

.stab.index
 *(.stab.index)

.stab.indexstr
 *(.stab.indexstr)

.comment        0x0000000000000000       0x23
 *(.comment)
 .comment       0x0000000000000000       0x23 obj/default/hello_world_small.o
                                         0x24 (size before relaxing)
 .comment       0x0000000000000023       0x24 c:/intelfpga_lite/18.1/nios2eds/bin/gnu/h-x86_64-mingw32/bin/../lib/gcc/nios2-elf/5.3.0/../../../../../H-x86_64-mingw32/nios2-elf/lib/mno-hw-mul\libsmallc.a(lib_a-printf.o)
 .comment       0x0000000000000023       0x24 c:/intelfpga_lite/18.1/nios2eds/bin/gnu/h-x86_64-mingw32/bin/../lib/gcc/nios2-elf/5.3.0/../../../../../H-x86_64-mingw32/nios2-elf/lib/mno-hw-mul\libsmallc.a(lib_a-vfprintf.o)
 .comment       0x0000000000000023       0x24 c:/intelfpga_lite/18.1/nios2eds/bin/gnu/h-x86_64-mingw32/bin/../lib/gcc/nios2-elf/5.3.0/../../../../../H-x86_64-mingw32/nios2-elf/lib/mno-hw-mul\libsmallc.a(lib_a-fvwrite_small_dev.o)
 .comment       0x0000000000000023       0x24 c:/intelfpga_lite/18.1/nios2eds/bin/gnu/h-x86_64-mingw32/bin/../lib/gcc/nios2-elf/5.3.0/../../../../../H-x86_64-mingw32/nios2-elf/lib/mno-hw-mul\libsmallc.a(lib_a-impure.o)
 .comment       0x0000000000000023       0x24 c:/intelfpga_lite/18.1/nios2eds/bin/gnu/h-x86_64-mingw32/bin/../lib/gcc/nios2-elf/5.3.0/../../../../../H-x86_64-mingw32/nios2-elf/lib/mno-hw-mul\libsmallc.a(lib_a-strlen.o)
 .comment       0x0000000000000023       0x24 c:/intelfpga_lite/18.1/nios2eds/bin/gnu/h-x86_64-mingw32/bin/../lib/gcc/nios2-elf/5.3.0/../../../../../H-x86_64-mingw32/nios2-elf/lib/mno-hw-mul\libsmallc.a(lib_a-writer.o)
 .comment       0x0000000000000023       0x24 c:/intelfpga_lite/18.1/nios2eds/bin/gnu/h-x86_64-mingw32/bin/../lib/gcc/nios2-elf/5.3.0/../../../../../H-x86_64-mingw32/nios2-elf/lib/mno-hw-mul\libsmallc.a(lib_a-int_errno.o)
 .comment       0x0000000000000023       0x24 c:/intelfpga_lite/18.1/nios2eds/bin/gnu/h-x86_64-mingw32/bin/../lib/gcc/nios2-elf/5.3.0/mno-hw-mul\libgcc.a(lib2-divmod.o)
 .comment       0x0000000000000023       0x24 c:/intelfpga_lite/18.1/nios2eds/bin/gnu/h-x86_64-mingw32/bin/../lib/gcc/nios2-elf/5.3.0/mno-hw-mul\libgcc.a(lib2-mul.o)
 .comment       0x0000000000000023       0x24 C:/Users/selgu/Desktop/M2_sme/BE/BE/Nios/software/SOPC_BarreF_bsp/\libhal_bsp.a(alt_load.o)
 .comment       0x0000000000000023       0x24 C:/Users/selgu/Desktop/M2_sme/BE/BE/Nios/software/SOPC_BarreF_bsp/\libhal_bsp.a(alt_main.o)
 .comment       0x0000000000000023       0x24 C:/Users/selgu/Desktop/M2_sme/BE/BE/Nios/software/SOPC_BarreF_bsp/\libhal_bsp.a(alt_putstr.o)
 .comment       0x0000000000000023       0x24 C:/Users/selgu/Desktop/M2_sme/BE/BE/Nios/software/SOPC_BarreF_bsp/\libhal_bsp.a(alt_write.o)
 .comment       0x0000000000000023       0x24 C:/Users/selgu/Desktop/M2_sme/BE/BE/Nios/software/SOPC_BarreF_bsp/\libhal_bsp.a(alt_sys_init.o)
 .comment       0x0000000000000023       0x24 C:/Users/selgu/Desktop/M2_sme/BE/BE/Nios/software/SOPC_BarreF_bsp/\libhal_bsp.a(altera_avalon_jtag_uart_write.o)
 .comment       0x0000000000000023       0x24 C:/Users/selgu/Desktop/M2_sme/BE/BE/Nios/software/SOPC_BarreF_bsp/\libhal_bsp.a(alt_dcache_flush_all.o)
 .comment       0x0000000000000023       0x24 C:/Users/selgu/Desktop/M2_sme/BE/BE/Nios/software/SOPC_BarreF_bsp/\libhal_bsp.a(alt_errno.o)
 .comment       0x0000000000000023       0x24 C:/Users/selgu/Desktop/M2_sme/BE/BE/Nios/software/SOPC_BarreF_bsp/\libhal_bsp.a(alt_icache_flush_all.o)
 .comment       0x0000000000000023       0x24 C:/Users/selgu/Desktop/M2_sme/BE/BE/Nios/software/SOPC_BarreF_bsp/\libhal_bsp.a(altera_nios2_gen2_irq.o)

.debug
 *(.debug)

.line
 *(.line)

.debug_srcinfo
 *(.debug_srcinfo)

.debug_sfnames
 *(.debug_sfnames)

.debug_aranges  0x0000000000000000      0x2b0
 *(.debug_aranges)
 .debug_aranges
                0x0000000000000000       0x28 C:/Users/selgu/Desktop/M2_sme/BE/BE/Nios/software/SOPC_BarreF_bsp//obj/HAL/src/crt0.o
 .debug_aranges
                0x0000000000000028       0x28 obj/default/hello_world_small.o
 .debug_aranges
                0x0000000000000050       0x28 c:/intelfpga_lite/18.1/nios2eds/bin/gnu/h-x86_64-mingw32/bin/../lib/gcc/nios2-elf/5.3.0/../../../../../H-x86_64-mingw32/nios2-elf/lib/mno-hw-mul\libsmallc.a(lib_a-printf.o)
 .debug_aranges
                0x0000000000000078       0x30 c:/intelfpga_lite/18.1/nios2eds/bin/gnu/h-x86_64-mingw32/bin/../lib/gcc/nios2-elf/5.3.0/../../../../../H-x86_64-mingw32/nios2-elf/lib/mno-hw-mul\libsmallc.a(lib_a-vfprintf.o)
 .debug_aranges
                0x00000000000000a8       0x20 c:/intelfpga_lite/18.1/nios2eds/bin/gnu/h-x86_64-mingw32/bin/../lib/gcc/nios2-elf/5.3.0/../../../../../H-x86_64-mingw32/nios2-elf/lib/mno-hw-mul\libsmallc.a(lib_a-fvwrite_small_dev.o)
 .debug_aranges
                0x00000000000000c8       0x18 c:/intelfpga_lite/18.1/nios2eds/bin/gnu/h-x86_64-mingw32/bin/../lib/gcc/nios2-elf/5.3.0/../../../../../H-x86_64-mingw32/nios2-elf/lib/mno-hw-mul\libsmallc.a(lib_a-impure.o)
 .debug_aranges
                0x00000000000000e0       0x20 c:/intelfpga_lite/18.1/nios2eds/bin/gnu/h-x86_64-mingw32/bin/../lib/gcc/nios2-elf/5.3.0/../../../../../H-x86_64-mingw32/nios2-elf/lib/mno-hw-mul\libsmallc.a(lib_a-strlen.o)
 .debug_aranges
                0x0000000000000100       0x20 c:/intelfpga_lite/18.1/nios2eds/bin/gnu/h-x86_64-mingw32/bin/../lib/gcc/nios2-elf/5.3.0/../../../../../H-x86_64-mingw32/nios2-elf/lib/mno-hw-mul\libsmallc.a(lib_a-writer.o)
 .debug_aranges
                0x0000000000000120       0x18 c:/intelfpga_lite/18.1/nios2eds/bin/gnu/h-x86_64-mingw32/bin/../lib/gcc/nios2-elf/5.3.0/../../../../../H-x86_64-mingw32/nios2-elf/lib/mno-hw-mul\libsmallc.a(lib_a-int_errno.o)
 .debug_aranges
                0x0000000000000138       0x20 c:/intelfpga_lite/18.1/nios2eds/bin/gnu/h-x86_64-mingw32/bin/../lib/gcc/nios2-elf/5.3.0/mno-hw-mul\libgcc.a(lib2-divmod.o)
 .debug_aranges
                0x0000000000000158       0x20 c:/intelfpga_lite/18.1/nios2eds/bin/gnu/h-x86_64-mingw32/bin/../lib/gcc/nios2-elf/5.3.0/mno-hw-mul\libgcc.a(lib2-mul.o)
 .debug_aranges
                0x0000000000000178       0x20 C:/Users/selgu/Desktop/M2_sme/BE/BE/Nios/software/SOPC_BarreF_bsp/\libhal_bsp.a(alt_load.o)
 .debug_aranges
                0x0000000000000198       0x20 C:/Users/selgu/Desktop/M2_sme/BE/BE/Nios/software/SOPC_BarreF_bsp/\libhal_bsp.a(alt_main.o)
 .debug_aranges
                0x00000000000001b8       0x20 C:/Users/selgu/Desktop/M2_sme/BE/BE/Nios/software/SOPC_BarreF_bsp/\libhal_bsp.a(alt_putstr.o)
 .debug_aranges
                0x00000000000001d8       0x20 C:/Users/selgu/Desktop/M2_sme/BE/BE/Nios/software/SOPC_BarreF_bsp/\libhal_bsp.a(alt_write.o)
 .debug_aranges
                0x00000000000001f8       0x20 C:/Users/selgu/Desktop/M2_sme/BE/BE/Nios/software/SOPC_BarreF_bsp/\libhal_bsp.a(alt_sys_init.o)
 .debug_aranges
                0x0000000000000218       0x20 C:/Users/selgu/Desktop/M2_sme/BE/BE/Nios/software/SOPC_BarreF_bsp/\libhal_bsp.a(altera_avalon_jtag_uart_write.o)
 .debug_aranges
                0x0000000000000238       0x20 C:/Users/selgu/Desktop/M2_sme/BE/BE/Nios/software/SOPC_BarreF_bsp/\libhal_bsp.a(alt_dcache_flush_all.o)
 .debug_aranges
                0x0000000000000258       0x18 C:/Users/selgu/Desktop/M2_sme/BE/BE/Nios/software/SOPC_BarreF_bsp/\libhal_bsp.a(alt_errno.o)
 .debug_aranges
                0x0000000000000270       0x20 C:/Users/selgu/Desktop/M2_sme/BE/BE/Nios/software/SOPC_BarreF_bsp/\libhal_bsp.a(alt_icache_flush_all.o)
 .debug_aranges
                0x0000000000000290       0x20 C:/Users/selgu/Desktop/M2_sme/BE/BE/Nios/software/SOPC_BarreF_bsp/\libhal_bsp.a(altera_nios2_gen2_irq.o)

.debug_pubnames
 *(.debug_pubnames)

.debug_info     0x0000000000000000     0x35e0
 *(.debug_info .gnu.linkonce.wi.*)
 .debug_info    0x0000000000000000       0x76 C:/Users/selgu/Desktop/M2_sme/BE/BE/Nios/software/SOPC_BarreF_bsp//obj/HAL/src/crt0.o
 .debug_info    0x0000000000000076      0x12a obj/default/hello_world_small.o
 .debug_info    0x00000000000001a0      0x699 c:/intelfpga_lite/18.1/nios2eds/bin/gnu/h-x86_64-mingw32/bin/../lib/gcc/nios2-elf/5.3.0/../../../../../H-x86_64-mingw32/nios2-elf/lib/mno-hw-mul\libsmallc.a(lib_a-printf.o)
 .debug_info    0x0000000000000839      0xb2b c:/intelfpga_lite/18.1/nios2eds/bin/gnu/h-x86_64-mingw32/bin/../lib/gcc/nios2-elf/5.3.0/../../../../../H-x86_64-mingw32/nios2-elf/lib/mno-hw-mul\libsmallc.a(lib_a-vfprintf.o)
 .debug_info    0x0000000000001364      0x62b c:/intelfpga_lite/18.1/nios2eds/bin/gnu/h-x86_64-mingw32/bin/../lib/gcc/nios2-elf/5.3.0/../../../../../H-x86_64-mingw32/nios2-elf/lib/mno-hw-mul\libsmallc.a(lib_a-fvwrite_small_dev.o)
 .debug_info    0x000000000000198f      0x5a9 c:/intelfpga_lite/18.1/nios2eds/bin/gnu/h-x86_64-mingw32/bin/../lib/gcc/nios2-elf/5.3.0/../../../../../H-x86_64-mingw32/nios2-elf/lib/mno-hw-mul\libsmallc.a(lib_a-impure.o)
 .debug_info    0x0000000000001f38       0xc9 c:/intelfpga_lite/18.1/nios2eds/bin/gnu/h-x86_64-mingw32/bin/../lib/gcc/nios2-elf/5.3.0/../../../../../H-x86_64-mingw32/nios2-elf/lib/mno-hw-mul\libsmallc.a(lib_a-strlen.o)
 .debug_info    0x0000000000002001      0x630 c:/intelfpga_lite/18.1/nios2eds/bin/gnu/h-x86_64-mingw32/bin/../lib/gcc/nios2-elf/5.3.0/../../../../../H-x86_64-mingw32/nios2-elf/lib/mno-hw-mul\libsmallc.a(lib_a-writer.o)
 .debug_info    0x0000000000002631       0x8a c:/intelfpga_lite/18.1/nios2eds/bin/gnu/h-x86_64-mingw32/bin/../lib/gcc/nios2-elf/5.3.0/../../../../../H-x86_64-mingw32/nios2-elf/lib/mno-hw-mul\libsmallc.a(lib_a-int_errno.o)
 .debug_info    0x00000000000026bb      0x2c6 c:/intelfpga_lite/18.1/nios2eds/bin/gnu/h-x86_64-mingw32/bin/../lib/gcc/nios2-elf/5.3.0/mno-hw-mul\libgcc.a(lib2-divmod.o)
 .debug_info    0x0000000000002981       0xb4 c:/intelfpga_lite/18.1/nios2eds/bin/gnu/h-x86_64-mingw32/bin/../lib/gcc/nios2-elf/5.3.0/mno-hw-mul\libgcc.a(lib2-mul.o)
 .debug_info    0x0000000000002a35      0x1c9 C:/Users/selgu/Desktop/M2_sme/BE/BE/Nios/software/SOPC_BarreF_bsp/\libhal_bsp.a(alt_load.o)
 .debug_info    0x0000000000002bfe      0x169 C:/Users/selgu/Desktop/M2_sme/BE/BE/Nios/software/SOPC_BarreF_bsp/\libhal_bsp.a(alt_main.o)
 .debug_info    0x0000000000002d67      0x13a C:/Users/selgu/Desktop/M2_sme/BE/BE/Nios/software/SOPC_BarreF_bsp/\libhal_bsp.a(alt_putstr.o)
 .debug_info    0x0000000000002ea1      0x1c7 C:/Users/selgu/Desktop/M2_sme/BE/BE/Nios/software/SOPC_BarreF_bsp/\libhal_bsp.a(alt_write.o)
 .debug_info    0x0000000000003068      0x185 C:/Users/selgu/Desktop/M2_sme/BE/BE/Nios/software/SOPC_BarreF_bsp/\libhal_bsp.a(alt_sys_init.o)
 .debug_info    0x00000000000031ed      0x197 C:/Users/selgu/Desktop/M2_sme/BE/BE/Nios/software/SOPC_BarreF_bsp/\libhal_bsp.a(altera_avalon_jtag_uart_write.o)
 .debug_info    0x0000000000003384       0x92 C:/Users/selgu/Desktop/M2_sme/BE/BE/Nios/software/SOPC_BarreF_bsp/\libhal_bsp.a(alt_dcache_flush_all.o)
 .debug_info    0x0000000000003416       0xa6 C:/Users/selgu/Desktop/M2_sme/BE/BE/Nios/software/SOPC_BarreF_bsp/\libhal_bsp.a(alt_errno.o)
 .debug_info    0x00000000000034bc       0x92 C:/Users/selgu/Desktop/M2_sme/BE/BE/Nios/software/SOPC_BarreF_bsp/\libhal_bsp.a(alt_icache_flush_all.o)
 .debug_info    0x000000000000354e       0x92 C:/Users/selgu/Desktop/M2_sme/BE/BE/Nios/software/SOPC_BarreF_bsp/\libhal_bsp.a(altera_nios2_gen2_irq.o)

.debug_abbrev   0x0000000000000000     0x1329
 *(.debug_abbrev)
 .debug_abbrev  0x0000000000000000       0x12 C:/Users/selgu/Desktop/M2_sme/BE/BE/Nios/software/SOPC_BarreF_bsp//obj/HAL/src/crt0.o
 .debug_abbrev  0x0000000000000012       0xe6 obj/default/hello_world_small.o
 .debug_abbrev  0x00000000000000f8      0x1ee c:/intelfpga_lite/18.1/nios2eds/bin/gnu/h-x86_64-mingw32/bin/../lib/gcc/nios2-elf/5.3.0/../../../../../H-x86_64-mingw32/nios2-elf/lib/mno-hw-mul\libsmallc.a(lib_a-printf.o)
 .debug_abbrev  0x00000000000002e6      0x2a1 c:/intelfpga_lite/18.1/nios2eds/bin/gnu/h-x86_64-mingw32/bin/../lib/gcc/nios2-elf/5.3.0/../../../../../H-x86_64-mingw32/nios2-elf/lib/mno-hw-mul\libsmallc.a(lib_a-vfprintf.o)
 .debug_abbrev  0x0000000000000587      0x1bc c:/intelfpga_lite/18.1/nios2eds/bin/gnu/h-x86_64-mingw32/bin/../lib/gcc/nios2-elf/5.3.0/../../../../../H-x86_64-mingw32/nios2-elf/lib/mno-hw-mul\libsmallc.a(lib_a-fvwrite_small_dev.o)
 .debug_abbrev  0x0000000000000743      0x14a c:/intelfpga_lite/18.1/nios2eds/bin/gnu/h-x86_64-mingw32/bin/../lib/gcc/nios2-elf/5.3.0/../../../../../H-x86_64-mingw32/nios2-elf/lib/mno-hw-mul\libsmallc.a(lib_a-impure.o)
 .debug_abbrev  0x000000000000088d       0x7f c:/intelfpga_lite/18.1/nios2eds/bin/gnu/h-x86_64-mingw32/bin/../lib/gcc/nios2-elf/5.3.0/../../../../../H-x86_64-mingw32/nios2-elf/lib/mno-hw-mul\libsmallc.a(lib_a-strlen.o)
 .debug_abbrev  0x000000000000090c      0x1a6 c:/intelfpga_lite/18.1/nios2eds/bin/gnu/h-x86_64-mingw32/bin/../lib/gcc/nios2-elf/5.3.0/../../../../../H-x86_64-mingw32/nios2-elf/lib/mno-hw-mul\libsmallc.a(lib_a-writer.o)
 .debug_abbrev  0x0000000000000ab2       0x37 c:/intelfpga_lite/18.1/nios2eds/bin/gnu/h-x86_64-mingw32/bin/../lib/gcc/nios2-elf/5.3.0/../../../../../H-x86_64-mingw32/nios2-elf/lib/mno-hw-mul\libsmallc.a(lib_a-int_errno.o)
 .debug_abbrev  0x0000000000000ae9      0x10e c:/intelfpga_lite/18.1/nios2eds/bin/gnu/h-x86_64-mingw32/bin/../lib/gcc/nios2-elf/5.3.0/mno-hw-mul\libgcc.a(lib2-divmod.o)
 .debug_abbrev  0x0000000000000bf7       0x6f c:/intelfpga_lite/18.1/nios2eds/bin/gnu/h-x86_64-mingw32/bin/../lib/gcc/nios2-elf/5.3.0/mno-hw-mul\libgcc.a(lib2-mul.o)
 .debug_abbrev  0x0000000000000c66       0xd8 C:/Users/selgu/Desktop/M2_sme/BE/BE/Nios/software/SOPC_BarreF_bsp/\libhal_bsp.a(alt_load.o)
 .debug_abbrev  0x0000000000000d3e       0xee C:/Users/selgu/Desktop/M2_sme/BE/BE/Nios/software/SOPC_BarreF_bsp/\libhal_bsp.a(alt_main.o)
 .debug_abbrev  0x0000000000000e2c       0xd3 C:/Users/selgu/Desktop/M2_sme/BE/BE/Nios/software/SOPC_BarreF_bsp/\libhal_bsp.a(alt_putstr.o)
 .debug_abbrev  0x0000000000000eff      0x12e C:/Users/selgu/Desktop/M2_sme/BE/BE/Nios/software/SOPC_BarreF_bsp/\libhal_bsp.a(alt_write.o)
 .debug_abbrev  0x000000000000102d      0x107 C:/Users/selgu/Desktop/M2_sme/BE/BE/Nios/software/SOPC_BarreF_bsp/\libhal_bsp.a(alt_sys_init.o)
 .debug_abbrev  0x0000000000001134       0xd5 C:/Users/selgu/Desktop/M2_sme/BE/BE/Nios/software/SOPC_BarreF_bsp/\libhal_bsp.a(altera_avalon_jtag_uart_write.o)
 .debug_abbrev  0x0000000000001209       0x42 C:/Users/selgu/Desktop/M2_sme/BE/BE/Nios/software/SOPC_BarreF_bsp/\libhal_bsp.a(alt_dcache_flush_all.o)
 .debug_abbrev  0x000000000000124b       0x5a C:/Users/selgu/Desktop/M2_sme/BE/BE/Nios/software/SOPC_BarreF_bsp/\libhal_bsp.a(alt_errno.o)
 .debug_abbrev  0x00000000000012a5       0x42 C:/Users/selgu/Desktop/M2_sme/BE/BE/Nios/software/SOPC_BarreF_bsp/\libhal_bsp.a(alt_icache_flush_all.o)
 .debug_abbrev  0x00000000000012e7       0x42 C:/Users/selgu/Desktop/M2_sme/BE/BE/Nios/software/SOPC_BarreF_bsp/\libhal_bsp.a(altera_nios2_gen2_irq.o)

.debug_line     0x0000000000000000     0x15a3
 *(.debug_line)
 .debug_line    0x0000000000000000       0x66 C:/Users/selgu/Desktop/M2_sme/BE/BE/Nios/software/SOPC_BarreF_bsp//obj/HAL/src/crt0.o
 .debug_line    0x0000000000000066       0xdd obj/default/hello_world_small.o
 .debug_line    0x0000000000000143      0x203 c:/intelfpga_lite/18.1/nios2eds/bin/gnu/h-x86_64-mingw32/bin/../lib/gcc/nios2-elf/5.3.0/../../../../../H-x86_64-mingw32/nios2-elf/lib/mno-hw-mul\libsmallc.a(lib_a-printf.o)
 .debug_line    0x0000000000000346      0x351 c:/intelfpga_lite/18.1/nios2eds/bin/gnu/h-x86_64-mingw32/bin/../lib/gcc/nios2-elf/5.3.0/../../../../../H-x86_64-mingw32/nios2-elf/lib/mno-hw-mul\libsmallc.a(lib_a-vfprintf.o)
 .debug_line    0x0000000000000697      0x1f0 c:/intelfpga_lite/18.1/nios2eds/bin/gnu/h-x86_64-mingw32/bin/../lib/gcc/nios2-elf/5.3.0/../../../../../H-x86_64-mingw32/nios2-elf/lib/mno-hw-mul\libsmallc.a(lib_a-fvwrite_small_dev.o)
 .debug_line    0x0000000000000887      0x156 c:/intelfpga_lite/18.1/nios2eds/bin/gnu/h-x86_64-mingw32/bin/../lib/gcc/nios2-elf/5.3.0/../../../../../H-x86_64-mingw32/nios2-elf/lib/mno-hw-mul\libsmallc.a(lib_a-impure.o)
 .debug_line    0x00000000000009dd      0x15c c:/intelfpga_lite/18.1/nios2eds/bin/gnu/h-x86_64-mingw32/bin/../lib/gcc/nios2-elf/5.3.0/../../../../../H-x86_64-mingw32/nios2-elf/lib/mno-hw-mul\libsmallc.a(lib_a-strlen.o)
 .debug_line    0x0000000000000b39      0x1ed c:/intelfpga_lite/18.1/nios2eds/bin/gnu/h-x86_64-mingw32/bin/../lib/gcc/nios2-elf/5.3.0/../../../../../H-x86_64-mingw32/nios2-elf/lib/mno-hw-mul\libsmallc.a(lib_a-writer.o)
 .debug_line    0x0000000000000d26       0x5f c:/intelfpga_lite/18.1/nios2eds/bin/gnu/h-x86_64-mingw32/bin/../lib/gcc/nios2-elf/5.3.0/../../../../../H-x86_64-mingw32/nios2-elf/lib/mno-hw-mul\libsmallc.a(lib_a-int_errno.o)
 .debug_line    0x0000000000000d85      0x105 c:/intelfpga_lite/18.1/nios2eds/bin/gnu/h-x86_64-mingw32/bin/../lib/gcc/nios2-elf/5.3.0/mno-hw-mul\libgcc.a(lib2-divmod.o)
 .debug_line    0x0000000000000e8a       0x80 c:/intelfpga_lite/18.1/nios2eds/bin/gnu/h-x86_64-mingw32/bin/../lib/gcc/nios2-elf/5.3.0/mno-hw-mul\libgcc.a(lib2-mul.o)
 .debug_line    0x0000000000000f0a       0xa4 C:/Users/selgu/Desktop/M2_sme/BE/BE/Nios/software/SOPC_BarreF_bsp/\libhal_bsp.a(alt_load.o)
 .debug_line    0x0000000000000fae       0xbd C:/Users/selgu/Desktop/M2_sme/BE/BE/Nios/software/SOPC_BarreF_bsp/\libhal_bsp.a(alt_main.o)
 .debug_line    0x000000000000106b       0xa0 C:/Users/selgu/Desktop/M2_sme/BE/BE/Nios/software/SOPC_BarreF_bsp/\libhal_bsp.a(alt_putstr.o)
 .debug_line    0x000000000000110b      0x16a C:/Users/selgu/Desktop/M2_sme/BE/BE/Nios/software/SOPC_BarreF_bsp/\libhal_bsp.a(alt_write.o)
 .debug_line    0x0000000000001275      0x101 C:/Users/selgu/Desktop/M2_sme/BE/BE/Nios/software/SOPC_BarreF_bsp/\libhal_bsp.a(alt_sys_init.o)
 .debug_line    0x0000000000001376       0xf0 C:/Users/selgu/Desktop/M2_sme/BE/BE/Nios/software/SOPC_BarreF_bsp/\libhal_bsp.a(altera_avalon_jtag_uart_write.o)
 .debug_line    0x0000000000001466       0x4e C:/Users/selgu/Desktop/M2_sme/BE/BE/Nios/software/SOPC_BarreF_bsp/\libhal_bsp.a(alt_dcache_flush_all.o)
 .debug_line    0x00000000000014b4       0x51 C:/Users/selgu/Desktop/M2_sme/BE/BE/Nios/software/SOPC_BarreF_bsp/\libhal_bsp.a(alt_errno.o)
 .debug_line    0x0000000000001505       0x4e C:/Users/selgu/Desktop/M2_sme/BE/BE/Nios/software/SOPC_BarreF_bsp/\libhal_bsp.a(alt_icache_flush_all.o)
 .debug_line    0x0000000000001553       0x50 C:/Users/selgu/Desktop/M2_sme/BE/BE/Nios/software/SOPC_BarreF_bsp/\libhal_bsp.a(altera_nios2_gen2_irq.o)

.debug_frame    0x0000000000000000      0x3a8
 *(.debug_frame)
 .debug_frame   0x0000000000000000       0x40 obj/default/hello_world_small.o
 .debug_frame   0x0000000000000040       0x48 c:/intelfpga_lite/18.1/nios2eds/bin/gnu/h-x86_64-mingw32/bin/../lib/gcc/nios2-elf/5.3.0/../../../../../H-x86_64-mingw32/nios2-elf/lib/mno-hw-mul\libsmallc.a(lib_a-printf.o)
 .debug_frame   0x0000000000000088       0x8c c:/intelfpga_lite/18.1/nios2eds/bin/gnu/h-x86_64-mingw32/bin/../lib/gcc/nios2-elf/5.3.0/../../../../../H-x86_64-mingw32/nios2-elf/lib/mno-hw-mul\libsmallc.a(lib_a-vfprintf.o)
 .debug_frame   0x0000000000000114       0x58 c:/intelfpga_lite/18.1/nios2eds/bin/gnu/h-x86_64-mingw32/bin/../lib/gcc/nios2-elf/5.3.0/../../../../../H-x86_64-mingw32/nios2-elf/lib/mno-hw-mul\libsmallc.a(lib_a-fvwrite_small_dev.o)
 .debug_frame   0x000000000000016c       0x20 c:/intelfpga_lite/18.1/nios2eds/bin/gnu/h-x86_64-mingw32/bin/../lib/gcc/nios2-elf/5.3.0/../../../../../H-x86_64-mingw32/nios2-elf/lib/mno-hw-mul\libsmallc.a(lib_a-strlen.o)
 .debug_frame   0x000000000000018c       0x38 c:/intelfpga_lite/18.1/nios2eds/bin/gnu/h-x86_64-mingw32/bin/../lib/gcc/nios2-elf/5.3.0/../../../../../H-x86_64-mingw32/nios2-elf/lib/mno-hw-mul\libsmallc.a(lib_a-writer.o)
 .debug_frame   0x00000000000001c4       0x50 c:/intelfpga_lite/18.1/nios2eds/bin/gnu/h-x86_64-mingw32/bin/../lib/gcc/nios2-elf/5.3.0/mno-hw-mul\libgcc.a(lib2-divmod.o)
 .debug_frame   0x0000000000000214       0x20 c:/intelfpga_lite/18.1/nios2eds/bin/gnu/h-x86_64-mingw32/bin/../lib/gcc/nios2-elf/5.3.0/mno-hw-mul\libgcc.a(lib2-mul.o)
 .debug_frame   0x0000000000000234       0x30 C:/Users/selgu/Desktop/M2_sme/BE/BE/Nios/software/SOPC_BarreF_bsp/\libhal_bsp.a(alt_load.o)
 .debug_frame   0x0000000000000264       0x2c C:/Users/selgu/Desktop/M2_sme/BE/BE/Nios/software/SOPC_BarreF_bsp/\libhal_bsp.a(alt_main.o)
 .debug_frame   0x0000000000000290       0x30 C:/Users/selgu/Desktop/M2_sme/BE/BE/Nios/software/SOPC_BarreF_bsp/\libhal_bsp.a(alt_putstr.o)
 .debug_frame   0x00000000000002c0       0x2c C:/Users/selgu/Desktop/M2_sme/BE/BE/Nios/software/SOPC_BarreF_bsp/\libhal_bsp.a(alt_write.o)
 .debug_frame   0x00000000000002ec       0x3c C:/Users/selgu/Desktop/M2_sme/BE/BE/Nios/software/SOPC_BarreF_bsp/\libhal_bsp.a(alt_sys_init.o)
 .debug_frame   0x0000000000000328       0x20 C:/Users/selgu/Desktop/M2_sme/BE/BE/Nios/software/SOPC_BarreF_bsp/\libhal_bsp.a(altera_avalon_jtag_uart_write.o)
 .debug_frame   0x0000000000000348       0x20 C:/Users/selgu/Desktop/M2_sme/BE/BE/Nios/software/SOPC_BarreF_bsp/\libhal_bsp.a(alt_dcache_flush_all.o)
 .debug_frame   0x0000000000000368       0x20 C:/Users/selgu/Desktop/M2_sme/BE/BE/Nios/software/SOPC_BarreF_bsp/\libhal_bsp.a(alt_icache_flush_all.o)
 .debug_frame   0x0000000000000388       0x20 C:/Users/selgu/Desktop/M2_sme/BE/BE/Nios/software/SOPC_BarreF_bsp/\libhal_bsp.a(altera_nios2_gen2_irq.o)

.debug_str      0x0000000000000000      0xf69
 *(.debug_str)
 .debug_str     0x0000000000000000      0x103 obj/default/hello_world_small.o
                                        0x134 (size before relaxing)
 .debug_str     0x0000000000000103      0x446 c:/intelfpga_lite/18.1/nios2eds/bin/gnu/h-x86_64-mingw32/bin/../lib/gcc/nios2-elf/5.3.0/../../../../../H-x86_64-mingw32/nios2-elf/lib/mno-hw-mul\libsmallc.a(lib_a-printf.o)
                                        0x504 (size before relaxing)
 .debug_str     0x0000000000000549      0x1ff c:/intelfpga_lite/18.1/nios2eds/bin/gnu/h-x86_64-mingw32/bin/../lib/gcc/nios2-elf/5.3.0/../../../../../H-x86_64-mingw32/nios2-elf/lib/mno-hw-mul\libsmallc.a(lib_a-vfprintf.o)
                                        0x67f (size before relaxing)
 .debug_str     0x0000000000000748       0x78 c:/intelfpga_lite/18.1/nios2eds/bin/gnu/h-x86_64-mingw32/bin/../lib/gcc/nios2-elf/5.3.0/../../../../../H-x86_64-mingw32/nios2-elf/lib/mno-hw-mul\libsmallc.a(lib_a-fvwrite_small_dev.o)
                                        0x4d4 (size before relaxing)
 .debug_str     0x00000000000007c0       0xef c:/intelfpga_lite/18.1/nios2eds/bin/gnu/h-x86_64-mingw32/bin/../lib/gcc/nios2-elf/5.3.0/../../../../../H-x86_64-mingw32/nios2-elf/lib/mno-hw-mul\libsmallc.a(lib_a-impure.o)
                                        0x4be (size before relaxing)
 .debug_str     0x00000000000008af       0xd2 c:/intelfpga_lite/18.1/nios2eds/bin/gnu/h-x86_64-mingw32/bin/../lib/gcc/nios2-elf/5.3.0/../../../../../H-x86_64-mingw32/nios2-elf/lib/mno-hw-mul\libsmallc.a(lib_a-strlen.o)
                                        0x1e5 (size before relaxing)
 .debug_str     0x0000000000000981       0x45 c:/intelfpga_lite/18.1/nios2eds/bin/gnu/h-x86_64-mingw32/bin/../lib/gcc/nios2-elf/5.3.0/../../../../../H-x86_64-mingw32/nios2-elf/lib/mno-hw-mul\libsmallc.a(lib_a-writer.o)
                                        0x4b8 (size before relaxing)
 .debug_str     0x00000000000009c6       0x3f c:/intelfpga_lite/18.1/nios2eds/bin/gnu/h-x86_64-mingw32/bin/../lib/gcc/nios2-elf/5.3.0/../../../../../H-x86_64-mingw32/nios2-elf/lib/mno-hw-mul\libsmallc.a(lib_a-int_errno.o)
                                        0x1d8 (size before relaxing)
 .debug_str     0x0000000000000a05      0x187 c:/intelfpga_lite/18.1/nios2eds/bin/gnu/h-x86_64-mingw32/bin/../lib/gcc/nios2-elf/5.3.0/mno-hw-mul\libgcc.a(lib2-divmod.o)
                                        0x1d2 (size before relaxing)
 .debug_str     0x0000000000000b8c       0x40 c:/intelfpga_lite/18.1/nios2eds/bin/gnu/h-x86_64-mingw32/bin/../lib/gcc/nios2-elf/5.3.0/mno-hw-mul\libgcc.a(lib2-mul.o)
                                        0x193 (size before relaxing)
 .debug_str     0x0000000000000bcc      0x15d C:/Users/selgu/Desktop/M2_sme/BE/BE/Nios/software/SOPC_BarreF_bsp/\libhal_bsp.a(alt_load.o)
                                        0x244 (size before relaxing)
 .debug_str     0x0000000000000d29       0x8a C:/Users/selgu/Desktop/M2_sme/BE/BE/Nios/software/SOPC_BarreF_bsp/\libhal_bsp.a(alt_main.o)
                                        0x1bd (size before relaxing)
 .debug_str     0x0000000000000db3       0x5f C:/Users/selgu/Desktop/M2_sme/BE/BE/Nios/software/SOPC_BarreF_bsp/\libhal_bsp.a(alt_putstr.o)
                                        0x19a (size before relaxing)
 .debug_str     0x0000000000000e12       0x2c C:/Users/selgu/Desktop/M2_sme/BE/BE/Nios/software/SOPC_BarreF_bsp/\libhal_bsp.a(alt_write.o)
                                        0x1e8 (size before relaxing)
 .debug_str     0x0000000000000e3e       0x86 C:/Users/selgu/Desktop/M2_sme/BE/BE/Nios/software/SOPC_BarreF_bsp/\libhal_bsp.a(alt_sys_init.o)
                                        0x22e (size before relaxing)
 .debug_str     0x0000000000000ec4       0x33 C:/Users/selgu/Desktop/M2_sme/BE/BE/Nios/software/SOPC_BarreF_bsp/\libhal_bsp.a(altera_avalon_jtag_uart_write.o)
                                        0x21d (size before relaxing)
 .debug_str     0x0000000000000ef7       0x1f C:/Users/selgu/Desktop/M2_sme/BE/BE/Nios/software/SOPC_BarreF_bsp/\libhal_bsp.a(alt_dcache_flush_all.o)
                                        0x15d (size before relaxing)
 .debug_str     0x0000000000000f16       0x14 C:/Users/selgu/Desktop/M2_sme/BE/BE/Nios/software/SOPC_BarreF_bsp/\libhal_bsp.a(alt_errno.o)
                                        0x14d (size before relaxing)
 .debug_str     0x0000000000000f2a       0x1f C:/Users/selgu/Desktop/M2_sme/BE/BE/Nios/software/SOPC_BarreF_bsp/\libhal_bsp.a(alt_icache_flush_all.o)
                                        0x15d (size before relaxing)
 .debug_str     0x0000000000000f49       0x20 C:/Users/selgu/Desktop/M2_sme/BE/BE/Nios/software/SOPC_BarreF_bsp/\libhal_bsp.a(altera_nios2_gen2_irq.o)
                                        0x164 (size before relaxing)

.debug_loc      0x0000000000000000     0x1300
 *(.debug_loc)
 .debug_loc     0x0000000000000000       0xc6 c:/intelfpga_lite/18.1/nios2eds/bin/gnu/h-x86_64-mingw32/bin/../lib/gcc/nios2-elf/5.3.0/../../../../../H-x86_64-mingw32/nios2-elf/lib/mno-hw-mul\libsmallc.a(lib_a-printf.o)
 .debug_loc     0x00000000000000c6      0x954 c:/intelfpga_lite/18.1/nios2eds/bin/gnu/h-x86_64-mingw32/bin/../lib/gcc/nios2-elf/5.3.0/../../../../../H-x86_64-mingw32/nios2-elf/lib/mno-hw-mul\libsmallc.a(lib_a-vfprintf.o)
 .debug_loc     0x0000000000000a1a      0x110 c:/intelfpga_lite/18.1/nios2eds/bin/gnu/h-x86_64-mingw32/bin/../lib/gcc/nios2-elf/5.3.0/../../../../../H-x86_64-mingw32/nios2-elf/lib/mno-hw-mul\libsmallc.a(lib_a-fvwrite_small_dev.o)
 .debug_loc     0x0000000000000b2a       0x1e c:/intelfpga_lite/18.1/nios2eds/bin/gnu/h-x86_64-mingw32/bin/../lib/gcc/nios2-elf/5.3.0/../../../../../H-x86_64-mingw32/nios2-elf/lib/mno-hw-mul\libsmallc.a(lib_a-strlen.o)
 .debug_loc     0x0000000000000b48       0xa5 c:/intelfpga_lite/18.1/nios2eds/bin/gnu/h-x86_64-mingw32/bin/../lib/gcc/nios2-elf/5.3.0/../../../../../H-x86_64-mingw32/nios2-elf/lib/mno-hw-mul\libsmallc.a(lib_a-writer.o)
 .debug_loc     0x0000000000000bed      0x4ce c:/intelfpga_lite/18.1/nios2eds/bin/gnu/h-x86_64-mingw32/bin/../lib/gcc/nios2-elf/5.3.0/mno-hw-mul\libgcc.a(lib2-divmod.o)
 .debug_loc     0x00000000000010bb       0x93 c:/intelfpga_lite/18.1/nios2eds/bin/gnu/h-x86_64-mingw32/bin/../lib/gcc/nios2-elf/5.3.0/mno-hw-mul\libgcc.a(lib2-mul.o)
 .debug_loc     0x000000000000114e       0x37 C:/Users/selgu/Desktop/M2_sme/BE/BE/Nios/software/SOPC_BarreF_bsp/\libhal_bsp.a(alt_putstr.o)
 .debug_loc     0x0000000000001185       0xcf C:/Users/selgu/Desktop/M2_sme/BE/BE/Nios/software/SOPC_BarreF_bsp/\libhal_bsp.a(alt_write.o)
 .debug_loc     0x0000000000001254       0x21 C:/Users/selgu/Desktop/M2_sme/BE/BE/Nios/software/SOPC_BarreF_bsp/\libhal_bsp.a(alt_sys_init.o)
 .debug_loc     0x0000000000001275       0x8b C:/Users/selgu/Desktop/M2_sme/BE/BE/Nios/software/SOPC_BarreF_bsp/\libhal_bsp.a(altera_avalon_jtag_uart_write.o)

.debug_macinfo
 *(.debug_macinfo)

.debug_weaknames
 *(.debug_weaknames)

.debug_funcnames
 *(.debug_funcnames)

.debug_typenames
 *(.debug_typenames)

.debug_varnames
 *(.debug_varnames)

.debug_alt_sim_info
                0x0000000000000000       0x10
 *(.debug_alt_sim_info)
 .debug_alt_sim_info
                0x0000000000000000       0x10 C:/Users/selgu/Desktop/M2_sme/BE/BE/Nios/software/SOPC_BarreF_bsp//obj/HAL/src/crt0.o
                0x000000000001a000                __alt_data_end = 0x1a000
                0x000000000001a000                PROVIDE (__alt_stack_pointer, __alt_data_end)
                [!provide]                        PROVIDE (__alt_stack_limit, __alt_stack_base)
                [!provide]                        PROVIDE (__alt_heap_start, end)
                [!provide]                        PROVIDE (__alt_heap_limit, 0x1a000)
OUTPUT(SOPC_BarreF.elf elf32-littlenios2)

.debug_ranges   0x0000000000000000      0x240
 .debug_ranges  0x0000000000000000       0x20 C:/Users/selgu/Desktop/M2_sme/BE/BE/Nios/software/SOPC_BarreF_bsp//obj/HAL/src/crt0.o
 .debug_ranges  0x0000000000000020       0x30 obj/default/hello_world_small.o
 .debug_ranges  0x0000000000000050       0x18 c:/intelfpga_lite/18.1/nios2eds/bin/gnu/h-x86_64-mingw32/bin/../lib/gcc/nios2-elf/5.3.0/../../../../../H-x86_64-mingw32/nios2-elf/lib/mno-hw-mul\libsmallc.a(lib_a-printf.o)
 .debug_ranges  0x0000000000000068       0xc8 c:/intelfpga_lite/18.1/nios2eds/bin/gnu/h-x86_64-mingw32/bin/../lib/gcc/nios2-elf/5.3.0/../../../../../H-x86_64-mingw32/nios2-elf/lib/mno-hw-mul\libsmallc.a(lib_a-vfprintf.o)
 .debug_ranges  0x0000000000000130       0x28 c:/intelfpga_lite/18.1/nios2eds/bin/gnu/h-x86_64-mingw32/bin/../lib/gcc/nios2-elf/5.3.0/../../../../../H-x86_64-mingw32/nios2-elf/lib/mno-hw-mul\libsmallc.a(lib_a-fvwrite_small_dev.o)
 .debug_ranges  0x0000000000000158       0x10 c:/intelfpga_lite/18.1/nios2eds/bin/gnu/h-x86_64-mingw32/bin/../lib/gcc/nios2-elf/5.3.0/../../../../../H-x86_64-mingw32/nios2-elf/lib/mno-hw-mul\libsmallc.a(lib_a-strlen.o)
 .debug_ranges  0x0000000000000168       0x10 c:/intelfpga_lite/18.1/nios2eds/bin/gnu/h-x86_64-mingw32/bin/../lib/gcc/nios2-elf/5.3.0/../../../../../H-x86_64-mingw32/nios2-elf/lib/mno-hw-mul\libsmallc.a(lib_a-writer.o)
 .debug_ranges  0x0000000000000178       0x60 c:/intelfpga_lite/18.1/nios2eds/bin/gnu/h-x86_64-mingw32/bin/../lib/gcc/nios2-elf/5.3.0/mno-hw-mul\libgcc.a(lib2-divmod.o)
 .debug_ranges  0x00000000000001d8       0x48 C:/Users/selgu/Desktop/M2_sme/BE/BE/Nios/software/SOPC_BarreF_bsp/\libhal_bsp.a(alt_load.o)
 .debug_ranges  0x0000000000000220       0x20 C:/Users/selgu/Desktop/M2_sme/BE/BE/Nios/software/SOPC_BarreF_bsp/\libhal_bsp.a(alt_write.o)
